{smcl}
{txt}{sf}{ul off}{.-}
      name:  {res}<unnamed>
       {txt}log:  {res}/Users/farshadpourmalek/Downloads/CovidLongitudinal-main/Iran/code/IMPE/log CovidLongitudinal IMPE 3.smcl
  {txt}log type:  {res}smcl
 {txt}opened on:  {res}17 May 2022, 21:52:34
{txt}
{com}. 
. ***************************************************************************
. * This is "do CovidLongitudinal IMPE 3.do"
. 
. * Project: Longitudinal assessment of COVID-19 models                                                                         
. * Person: Farshad Pourmalek pourmalek_farshad at yahoo dotcom
. ***************************************************************************
. 
. 
. * graphs:
. * graphs 1 updates separate
. * input data files: "CovidLongitudinal IMPE.dta", "CovidLongitudinal JOHN.dta"
. * output data files: "CovidLongitudinal IMPE 2.dta"
. 
. 
. 
. * add JOHN
. 
. cd .. // /code/
{res}/Users/farshadpourmalek/Downloads/CovidLongitudinal-main/Iran/code
{txt}
{com}. 
. cd JOHN
{res}/Users/farshadpourmalek/Downloads/CovidLongitudinal-main/Iran/code/JOHN
{txt}
{com}. 
. use "CovidLongitudinal JOHN.dta", clear 
{txt}
{com}. 
. keep loc_grand_name date DayDeaMeSmA00S00
{txt}
{com}. 
. cd ..
{res}/Users/farshadpourmalek/Downloads/CovidLongitudinal-main/Iran/code
{txt}
{com}. 
. cd IMPE 
{res}/Users/farshadpourmalek/Downloads/CovidLongitudinal-main/Iran/code/IMPE
{txt}
{com}. 
. save "CovidLongitudinal JOHN.dta", replace
{txt}(note: file CovidLongitudinal JOHN.dta not found)
file CovidLongitudinal JOHN.dta saved

{com}. 
. merge m:m date loc_grand_name using "CovidLongitudinal IMPE.dta"
{res}
{txt}{col 5}Result{col 38}# of obs.
{col 5}{hline 41}
{col 5}not matched{col 30}{res}              89
{txt}{col 9}from master{col 30}{res}               0{txt}  (_merge==1)
{col 9}from using{col 30}{res}              89{txt}  (_merge==2)

{col 5}matched{col 30}{res}             732{txt}  (_merge==3)
{col 5}{hline 41}

{com}.  
. drop _merge
{txt}
{com}. 
. duplicates drop date, force

{p 0 4}{txt}Duplicates in terms of {res} date{p_end}

{txt}(0 observations are duplicates)

{com}. 
. isid date
{txt}
{com}. 
. drop if date > td(01jan2022)
{txt}(83 observations deleted)

{com}. 
. qui compress
{txt}
{com}. 
. save "CovidLongitudinal IMPE 2.dta", replace
{txt}(note: file CovidLongitudinal IMPE 2.dta not found)
file CovidLongitudinal IMPE 2.dta saved

{com}. 
. 
. 
. 
. local list ///
> 20200614 ///
> 20200616 ///
> 20200619 ///
> 20200623 ///
> 20200702 ///
> 20200703 ///
> 20200704 ///
> 20200707 ///
> 20200711 ///
> 20200714 ///
> 20200715 ///
> 20200718 ///
> 20200720 ///
> 20200722 ///
> 20200725 ///
> 20200727 ///
> 20200731 ///
> 20200808 ///
> 20200810 ///
> 20200811 ///
> 20200813 ///
> 20200814 ///
> 20200817 ///
> 20200823 ///
> 20200825 ///
> 20200827 ///
> 20200831 ///
> 20200902 ///
> 20200906 ///
> 20200908 ///
> 20200912 ///
> 20200915 ///
> 20200919 ///
> 20200923 ///
> 20200925 ///
> 20201003 ///
> 20201006 ///
> 20201012 ///
> 20201019 ///
> 20201025 ///
> 20201028 ///
> 20201101 ///
> 20201110 ///
> 20201114 ///
> 20201118 ///
> 20201123 ///
> 20201129 ///
> 20201204 ///
> 20201212 ///
> 20201220 ///
> 20201226 ///
> 20210110 ///
> 20210112 ///
> 20210118 ///
> 20210124 ///
> 20210130 ///
> 20210203 ///
> 20210210 ///
> 20210217 ///
> 20210226 ///
> 20210305 ///
> 20210312 ///
> 20210319 ///
> 20210329 ///
> 20210406 ///
> 20210417 ///
> 20210424 ///
> 20210510 ///
> 20210516 ///
> 20210522 ///
> 20210527 ///
> 20210604 ///
> 20210611 ///
> 20210618 ///
> 20210626 ///
> 20210702 ///
> 20210709 ///
> 20210719 ///
> 20210806 ///
> 20210819 ///
> 20210825 ///
> 20210909 ///
> 20210924 ///
> 20211006 ///
> 20211021 ///
> 20211027 ///
> 20211103 ///
> 20211115 ///
> 20211121 ///
> 20211129 ///
> 20211205 ///
> 20211213 ///
> 20211226 
{txt}
{com}. 
. 
. 
. 
. grstyle init
{res}{txt}
{com}. 
. grstyle color background white
{txt}
{com}. 
. 
. 
. ***********************************************
. 
. * daily deaths, each update
. 
. foreach update of local list {c -(}
{txt}  2{com}. 
. rename DayDeaMeSmA03`update' DayDeaMeSmA03`update'
{txt}  3{com}. 
. capture drop update_date
{txt}  4{com}. 
. gen update_date = date("`update'", "YMD")
{txt}  5{com}. 
. capture drop DayDeaFOREA03`update'
{txt}  6{com}. 
. gen DayDeaFOREA03`update' = DayDeaMeSmA03`update'
{txt}  7{com}. 
. replace DayDeaFOREA03`update' = . if date < update_date
{txt}  8{com}. 
. label var DayDeaFOREA03`update' "DayDeaMeSmA03 Forecast only"
{txt}  9{com}. 
. local update_date = date("`update'", "YMD")
{txt} 10{com}. 
. di "DayDeaMeSmA03`update' if date == update_date"
{txt} 11{com}. summ DayDeaMeSmA03`update' if date == update_date
{txt} 12{com}. 
. gen DayDeaMeSmA03`update'_val = r(mean)
{txt} 13{com}. 
. local value = DayDeaMeSmA03`update'_val
{txt} 14{com}. 
.         twoway ///
>         (line DayDeaMeSmA00S00 date, sort lwidth(thick) lcolor(cyan)) ///       1 "JOHN smooth"
>         (line DayDeaMeSmA03`update' date, sort lwidth(medthick) lcolor(gold)) /// 2 "IMPE smooth, backcast"
>         (line DayDeaFOREA03`update' date, sort lwidth(medthick) lcolor(magenta)) /// 3 "IMPE smooth, forecast"
>         if date >= td(01jan2020) &  date <= td(01jan2022) ///
>         , xtitle(Date) xlabel(#24, format(%tdYY-NN-DD) labsize(small)) xlabel(, grid) xlabel(, grid) ///
>         xlabel(, angle(forty_five)) ylabel(, format(%9.0fc) labsize(small))  ylabel(, labsize(small) angle(forty_five)) ///
>         ytitle(Daily deaths) title("C19 daily deaths, $country, IMPE, update `update'", size(medium) color(black)) ///
>         xscale(lwidth(vthin) lcolor(gray*.2)) yscale(lwidth(vthin) lcolor(gray*.2)) legend(region(lcolor(none))) legend(bexpand) ///
>         legend(order(1 "JOHN smooth" 2 "IMPE smooth, backcast" 3 "IMPE smooth, forecast") rows(1) size(small))
{txt} 15{com}. 
.         qui graph export "graph 1 C19 daily deaths, $country, IMPE, update `update'.pdf", replace
{txt} 16{com}. 
. {c )-}
{res}{txt}  (all {it:newnames}=={it:oldnames})
(479 missing values generated)
(169 real changes made, 169 to missing)
DayDeaMeSmA0320200614 if date == update_date

    Variable {c |}        Obs        Mean    Std. Dev.       Min        Max
{hline 13}{c +}{hline 57}
DayDeaMeSm.. {c |}{res}          1    71.03812           .   71.03812   71.03812
{txt}  (all {it:newnames}=={it:oldnames})
(479 missing values generated)
(169 real changes made, 169 to missing)
DayDeaMeSmA0320200616 if date == update_date

    Variable {c |}        Obs        Mean    Std. Dev.       Min        Max
{hline 13}{c +}{hline 57}
DayDeaMeSm.. {c |}{res}          1    74.03955           .   74.03955   74.03955
{txt}  (all {it:newnames}=={it:oldnames})
(480 missing values generated)
(168 real changes made, 168 to missing)
DayDeaMeSmA0320200619 if date == update_date

    Variable {c |}        Obs        Mean    Std. Dev.       Min        Max
{hline 13}{c +}{hline 57}
DayDeaMeSm.. {c |}{res}          1    90.38804           .   90.38804   90.38804
{txt}  (all {it:newnames}=={it:oldnames})
(475 missing values generated)
(173 real changes made, 173 to missing)
DayDeaMeSmA0320200623 if date == update_date

    Variable {c |}        Obs        Mean    Std. Dev.       Min        Max
{hline 13}{c +}{hline 57}
DayDeaMeSm.. {c |}{res}          1    99.43982           .   99.43982   99.43982
{txt}  (all {it:newnames}=={it:oldnames})
(462 missing values generated)
(186 real changes made, 186 to missing)
DayDeaMeSmA0320200702 if date == update_date

    Variable {c |}        Obs        Mean    Std. Dev.       Min        Max
{hline 13}{c +}{hline 57}
DayDeaMeSm.. {c |}{res}          1     132.053           .    132.053    132.053
{txt}  (all {it:newnames}=={it:oldnames})
(463 missing values generated)
(185 real changes made, 185 to missing)
DayDeaMeSmA0320200703 if date == update_date

    Variable {c |}        Obs        Mean    Std. Dev.       Min        Max
{hline 13}{c +}{hline 57}
DayDeaMeSm.. {c |}{res}          1    115.3608           .   115.3608   115.3608
{txt}  (all {it:newnames}=={it:oldnames})
(466 missing values generated)
(182 real changes made, 182 to missing)
DayDeaMeSmA0320200704 if date == update_date

    Variable {c |}        Obs        Mean    Std. Dev.       Min        Max
{hline 13}{c +}{hline 57}
DayDeaMeSm.. {c |}{res}          1    152.9037           .   152.9037   152.9037
{txt}  (all {it:newnames}=={it:oldnames})
(460 missing values generated)
(188 real changes made, 188 to missing)
DayDeaMeSmA0320200707 if date == update_date

    Variable {c |}        Obs        Mean    Std. Dev.       Min        Max
{hline 13}{c +}{hline 57}
DayDeaMeS~07 {c |}{res}          1    258.1638           .   258.1638   258.1638
{txt}  (all {it:newnames}=={it:oldnames})
(458 missing values generated)
(190 real changes made, 190 to missing)
DayDeaMeSmA0320200711 if date == update_date

    Variable {c |}        Obs        Mean    Std. Dev.       Min        Max
{hline 13}{c +}{hline 57}
DayDeaMeSm.. {c |}{res}          1     219.655           .    219.655    219.655
{txt}  (all {it:newnames}=={it:oldnames})
(455 missing values generated)
(193 real changes made, 193 to missing)
DayDeaMeSmA0320200714 if date == update_date

    Variable {c |}        Obs        Mean    Std. Dev.       Min        Max
{hline 13}{c +}{hline 57}
DayDeaMeSm.. {c |}{res}          1    190.5016           .   190.5016   190.5016
{txt}  (all {it:newnames}=={it:oldnames})
(452 missing values generated)
(196 real changes made, 196 to missing)
DayDeaMeSmA0320200715 if date == update_date

    Variable {c |}        Obs        Mean    Std. Dev.       Min        Max
{hline 13}{c +}{hline 57}
DayDeaMeSm.. {c |}{res}          1    331.0887           .   331.0887   331.0887
{txt}  (all {it:newnames}=={it:oldnames})
(446 missing values generated)
(202 real changes made, 202 to missing)
DayDeaMeSmA0320200718 if date == update_date

    Variable {c |}        Obs        Mean    Std. Dev.       Min        Max
{hline 13}{c +}{hline 57}
DayDeaMeSm.. {c |}{res}          1    256.9352           .   256.9352   256.9352
{txt}  (all {it:newnames}=={it:oldnames})
(447 missing values generated)
(201 real changes made, 201 to missing)
DayDeaMeSmA0320200720 if date == update_date

    Variable {c |}        Obs        Mean    Std. Dev.       Min        Max
{hline 13}{c +}{hline 57}
DayDeaMeSm.. {c |}{res}          1    216.9536           .   216.9536   216.9536
{txt}  (all {it:newnames}=={it:oldnames})
(445 missing values generated)
(203 real changes made, 203 to missing)
DayDeaMeSmA0320200722 if date == update_date

    Variable {c |}        Obs        Mean    Std. Dev.       Min        Max
{hline 13}{c +}{hline 57}
DayDeaMeSm.. {c |}{res}          1    399.7158           .   399.7158   399.7158
{txt}  (all {it:newnames}=={it:oldnames})
(437 missing values generated)
(211 real changes made, 211 to missing)
DayDeaMeSmA0320200725 if date == update_date

    Variable {c |}        Obs        Mean    Std. Dev.       Min        Max
{hline 13}{c +}{hline 57}
DayDeaMeSm.. {c |}{res}          1    442.2941           .   442.2941   442.2941
{txt}  (all {it:newnames}=={it:oldnames})
(439 missing values generated)
(209 real changes made, 209 to missing)
DayDeaMeSmA0320200727 if date == update_date

    Variable {c |}        Obs        Mean    Std. Dev.       Min        Max
{hline 13}{c +}{hline 57}
DayDeaMeSm.. {c |}{res}          1     562.403           .    562.403    562.403
{txt}  (all {it:newnames}=={it:oldnames})
(431 missing values generated)
(217 real changes made, 217 to missing)
DayDeaMeSmA0320200731 if date == update_date

    Variable {c |}        Obs        Mean    Std. Dev.       Min        Max
{hline 13}{c +}{hline 57}
DayDeaMeSm.. {c |}{res}          1    511.3827           .   511.3827   511.3827
{txt}  (all {it:newnames}=={it:oldnames})
(428 missing values generated)
(220 real changes made, 220 to missing)
DayDeaMeSmA0320200808 if date == update_date

    Variable {c |}        Obs        Mean    Std. Dev.       Min        Max
{hline 13}{c +}{hline 57}
DayDeaMeSm.. {c |}{res}          1    192.4707           .   192.4707   192.4707
{txt}  (all {it:newnames}=={it:oldnames})
(423 missing values generated)
(225 real changes made, 225 to missing)
DayDeaMeSmA0320200810 if date == update_date

    Variable {c |}        Obs        Mean    Std. Dev.       Min        Max
{hline 13}{c +}{hline 57}
DayDeaMeSm.. {c |}{res}          1    186.2272           .   186.2272   186.2272
{txt}  (all {it:newnames}=={it:oldnames})
(425 missing values generated)
(223 real changes made, 223 to missing)
DayDeaMeSmA0320200811 if date == update_date

    Variable {c |}        Obs        Mean    Std. Dev.       Min        Max
{hline 13}{c +}{hline 57}
DayDeaMeSm.. {c |}{res}          1    209.9167           .   209.9167   209.9167
{txt}  (all {it:newnames}=={it:oldnames})
(423 missing values generated)
(225 real changes made, 225 to missing)
DayDeaMeSmA0320200813 if date == update_date

    Variable {c |}        Obs        Mean    Std. Dev.       Min        Max
{hline 13}{c +}{hline 57}
DayDeaMeSm.. {c |}{res}          1    232.8546           .   232.8546   232.8546
{txt}  (all {it:newnames}=={it:oldnames})
(426 missing values generated)
(222 real changes made, 222 to missing)
DayDeaMeSmA0320200814 if date == update_date

    Variable {c |}        Obs        Mean    Std. Dev.       Min        Max
{hline 13}{c +}{hline 57}
DayDeaMeSm.. {c |}{res}          1    210.1054           .   210.1054   210.1054
{txt}  (all {it:newnames}=={it:oldnames})
(422 missing values generated)
(226 real changes made, 226 to missing)
DayDeaMeSmA0320200817 if date == update_date

    Variable {c |}        Obs        Mean    Std. Dev.       Min        Max
{hline 13}{c +}{hline 57}
DayDeaMeSm.. {c |}{res}          1    180.4654           .   180.4654   180.4654
{txt}  (all {it:newnames}=={it:oldnames})
(421 missing values generated)
(227 real changes made, 227 to missing)
DayDeaMeSmA0320200823 if date == update_date

    Variable {c |}        Obs        Mean    Std. Dev.       Min        Max
{hline 13}{c +}{hline 57}
DayDeaMeSm.. {c |}{res}          1    165.6859           .   165.6859   165.6859
{txt}  (all {it:newnames}=={it:oldnames})
(416 missing values generated)
(232 real changes made, 232 to missing)
DayDeaMeSmA0320200825 if date == update_date

    Variable {c |}        Obs        Mean    Std. Dev.       Min        Max
{hline 13}{c +}{hline 57}
DayDeaMeSm.. {c |}{res}          1    129.9496           .   129.9496   129.9496
{txt}  (all {it:newnames}=={it:oldnames})
(414 missing values generated)
(234 real changes made, 234 to missing)
DayDeaMeSmA0320200827 if date == update_date

    Variable {c |}        Obs        Mean    Std. Dev.       Min        Max
{hline 13}{c +}{hline 57}
DayDeaMeSm.. {c |}{res}          1    129.9739           .   129.9739   129.9739
{txt}  (all {it:newnames}=={it:oldnames})
(407 missing values generated)
(241 real changes made, 241 to missing)
DayDeaMeSmA0320200831 if date == update_date

    Variable {c |}        Obs        Mean    Std. Dev.       Min        Max
{hline 13}{c +}{hline 57}
DayDeaMeSm.. {c |}{res}          1    136.4698           .   136.4698   136.4698
{txt}  (all {it:newnames}=={it:oldnames})
(412 missing values generated)
(236 real changes made, 236 to missing)
DayDeaMeSmA0320200902 if date == update_date

    Variable {c |}        Obs        Mean    Std. Dev.       Min        Max
{hline 13}{c +}{hline 57}
DayDeaMeSm.. {c |}{res}          1    132.6196           .   132.6196   132.6196
{txt}  (all {it:newnames}=={it:oldnames})
(408 missing values generated)
(240 real changes made, 240 to missing)
DayDeaMeSmA0320200906 if date == update_date

    Variable {c |}        Obs        Mean    Std. Dev.       Min        Max
{hline 13}{c +}{hline 57}
DayDeaMeSm.. {c |}{res}          1    115.4299           .   115.4299   115.4299
{txt}  (all {it:newnames}=={it:oldnames})
(406 missing values generated)
(242 real changes made, 242 to missing)
DayDeaMeSmA0320200908 if date == update_date

    Variable {c |}        Obs        Mean    Std. Dev.       Min        Max
{hline 13}{c +}{hline 57}
DayDeaMeSm.. {c |}{res}          1    130.7563           .   130.7563   130.7563
{txt}  (all {it:newnames}=={it:oldnames})
(402 missing values generated)
(246 real changes made, 246 to missing)
DayDeaMeSmA0320200912 if date == update_date

    Variable {c |}        Obs        Mean    Std. Dev.       Min        Max
{hline 13}{c +}{hline 57}
DayDeaMeSm.. {c |}{res}          1    116.6505           .   116.6505   116.6505
{txt}  (all {it:newnames}=={it:oldnames})
(406 missing values generated)
(242 real changes made, 242 to missing)
DayDeaMeSmA0320200915 if date == update_date

    Variable {c |}        Obs        Mean    Std. Dev.       Min        Max
{hline 13}{c +}{hline 57}
DayDeaMeSm.. {c |}{res}          1    154.6643           .   154.6643   154.6643
{txt}  (all {it:newnames}=={it:oldnames})
(397 missing values generated)
(251 real changes made, 251 to missing)
DayDeaMeSmA0320200919 if date == update_date

    Variable {c |}        Obs        Mean    Std. Dev.       Min        Max
{hline 13}{c +}{hline 57}
DayDeaMeSm.. {c |}{res}          1    184.2596           .   184.2596   184.2596
{txt}  (all {it:newnames}=={it:oldnames})
(387 missing values generated)
(261 real changes made, 261 to missing)
DayDeaMeSmA0320200923 if date == update_date

    Variable {c |}        Obs        Mean    Std. Dev.       Min        Max
{hline 13}{c +}{hline 57}
DayDeaMeSm.. {c |}{res}          1    142.5531           .   142.5531   142.5531
{txt}  (all {it:newnames}=={it:oldnames})
(387 missing values generated)
(261 real changes made, 261 to missing)
DayDeaMeSmA0320200925 if date == update_date

    Variable {c |}        Obs        Mean    Std. Dev.       Min        Max
{hline 13}{c +}{hline 57}
DayDeaMeSm.. {c |}{res}          1    155.9614           .   155.9614   155.9614
{txt}  (all {it:newnames}=={it:oldnames})
(375 missing values generated)
(273 real changes made, 273 to missing)
DayDeaMeSmA0320201003 if date == update_date

    Variable {c |}        Obs        Mean    Std. Dev.       Min        Max
{hline 13}{c +}{hline 57}
DayDeaMeSm.. {c |}{res}          1    184.5825           .   184.5825   184.5825
{txt}  (all {it:newnames}=={it:oldnames})
(370 missing values generated)
(278 real changes made, 278 to missing)
DayDeaMeSmA0320201006 if date == update_date

    Variable {c |}        Obs        Mean    Std. Dev.       Min        Max
{hline 13}{c +}{hline 57}
DayDeaMeSm.. {c |}{res}          1    171.9644           .   171.9644   171.9644
{txt}  (all {it:newnames}=={it:oldnames})
(363 missing values generated)
(285 real changes made, 285 to missing)
DayDeaMeSmA0320201012 if date == update_date

    Variable {c |}        Obs        Mean    Std. Dev.       Min        Max
{hline 13}{c +}{hline 57}
DayDeaMeSm.. {c |}{res}          1    246.0896           .   246.0896   246.0896
{txt}  (all {it:newnames}=={it:oldnames})
(357 missing values generated)
(291 real changes made, 291 to missing)
DayDeaMeSmA0320201019 if date == update_date

    Variable {c |}        Obs        Mean    Std. Dev.       Min        Max
{hline 13}{c +}{hline 57}
DayDeaMeSm.. {c |}{res}          1     301.199           .    301.199    301.199
{txt}  (all {it:newnames}=={it:oldnames})
(357 missing values generated)
(291 real changes made, 291 to missing)
DayDeaMeSmA0320201025 if date == update_date

    Variable {c |}        Obs        Mean    Std. Dev.       Min        Max
{hline 13}{c +}{hline 57}
DayDeaMeSm.. {c |}{res}          1    432.2405           .   432.2405   432.2405
{txt}  (all {it:newnames}=={it:oldnames})
(353 missing values generated)
(295 real changes made, 295 to missing)
DayDeaMeSmA0320201028 if date == update_date

    Variable {c |}        Obs        Mean    Std. Dev.       Min        Max
{hline 13}{c +}{hline 57}
DayDeaMeS~28 {c |}{res}          1    433.7864           .   433.7864   433.7864
{txt}  (all {it:newnames}=={it:oldnames})
(350 missing values generated)
(298 real changes made, 298 to missing)
DayDeaMeSmA0320201101 if date == update_date

    Variable {c |}        Obs        Mean    Std. Dev.       Min        Max
{hline 13}{c +}{hline 57}
DayDeaMeS~01 {c |}{res}          1    513.1229           .   513.1229   513.1229
{txt}  (all {it:newnames}=={it:oldnames})
(342 missing values generated)
(306 real changes made, 306 to missing)
DayDeaMeSmA0320201110 if date == update_date

    Variable {c |}        Obs        Mean    Std. Dev.       Min        Max
{hline 13}{c +}{hline 57}
DayDeaMeSm.. {c |}{res}          1    405.3107           .   405.3107   405.3107
{txt}  (all {it:newnames}=={it:oldnames})
(335 missing values generated)
(313 real changes made, 313 to missing)
DayDeaMeSmA0320201114 if date == update_date

    Variable {c |}        Obs        Mean    Std. Dev.       Min        Max
{hline 13}{c +}{hline 57}
DayDeaMeSm.. {c |}{res}          1    528.1505           .   528.1505   528.1505
{txt}  (all {it:newnames}=={it:oldnames})
(331 missing values generated)
(317 real changes made, 317 to missing)
DayDeaMeSmA0320201118 if date == update_date

    Variable {c |}        Obs        Mean    Std. Dev.       Min        Max
{hline 13}{c +}{hline 57}
DayDeaMeSm.. {c |}{res}          1    476.4436           .   476.4436   476.4436
{txt}  (all {it:newnames}=={it:oldnames})
(327 missing values generated)
(321 real changes made, 321 to missing)
DayDeaMeSmA0320201123 if date == update_date

    Variable {c |}        Obs        Mean    Std. Dev.       Min        Max
{hline 13}{c +}{hline 57}
DayDeaMeSm.. {c |}{res}          1    466.4755           .   466.4755   466.4755
{txt}  (all {it:newnames}=={it:oldnames})
(322 missing values generated)
(326 real changes made, 326 to missing)
DayDeaMeSmA0320201129 if date == update_date

    Variable {c |}        Obs        Mean    Std. Dev.       Min        Max
{hline 13}{c +}{hline 57}
DayDeaMeSm.. {c |}{res}          1    547.4896           .   547.4896   547.4896
{txt}  (all {it:newnames}=={it:oldnames})
(318 missing values generated)
(330 real changes made, 330 to missing)
DayDeaMeSmA0320201204 if date == update_date

    Variable {c |}        Obs        Mean    Std. Dev.       Min        Max
{hline 13}{c +}{hline 57}
DayDeaMeSm.. {c |}{res}          1    516.6344           .   516.6344   516.6344
{txt}  (all {it:newnames}=={it:oldnames})
(308 missing values generated)
(340 real changes made, 340 to missing)
DayDeaMeSmA0320201212 if date == update_date

    Variable {c |}        Obs        Mean    Std. Dev.       Min        Max
{hline 13}{c +}{hline 57}
DayDeaMeSm.. {c |}{res}          1    260.1713           .   260.1713   260.1713
{txt}  (all {it:newnames}=={it:oldnames})
(301 missing values generated)
(347 real changes made, 347 to missing)
DayDeaMeSmA0320201220 if date == update_date

    Variable {c |}        Obs        Mean    Std. Dev.       Min        Max
{hline 13}{c +}{hline 57}
DayDeaMeSm.. {c |}{res}          1    240.6441           .   240.6441   240.6441
{txt}  (all {it:newnames}=={it:oldnames})
(293 missing values generated)
(355 real changes made, 355 to missing)
DayDeaMeSmA0320201226 if date == update_date

    Variable {c |}        Obs        Mean    Std. Dev.       Min        Max
{hline 13}{c +}{hline 57}
DayDeaMeSm.. {c |}{res}          1    232.2335           .   232.2335   232.2335
{txt}  (all {it:newnames}=={it:oldnames})
(283 missing values generated)
(365 real changes made, 365 to missing)
DayDeaMeSmA0320210110 if date == update_date

    Variable {c |}        Obs        Mean    Std. Dev.       Min        Max
{hline 13}{c +}{hline 57}
DayDeaMeSm.. {c |}{res}          1    65.97259           .   65.97259   65.97259
{txt}  (all {it:newnames}=={it:oldnames})
(282 missing values generated)
(366 real changes made, 366 to missing)
DayDeaMeSmA0320210112 if date == update_date

    Variable {c |}        Obs        Mean    Std. Dev.       Min        Max
{hline 13}{c +}{hline 57}
DayDeaMeSm.. {c |}{res}          1     94.9758           .    94.9758    94.9758
{txt}  (all {it:newnames}=={it:oldnames})
(277 missing values generated)
(371 real changes made, 371 to missing)
DayDeaMeSmA0320210118 if date == update_date

    Variable {c |}        Obs        Mean    Std. Dev.       Min        Max
{hline 13}{c +}{hline 57}
DayDeaMeSm.. {c |}{res}          1    64.67867           .   64.67867   64.67867
{txt}  (all {it:newnames}=={it:oldnames})
(270 missing values generated)
(378 real changes made, 378 to missing)
DayDeaMeSmA0320210124 if date == update_date

    Variable {c |}        Obs        Mean    Std. Dev.       Min        Max
{hline 13}{c +}{hline 57}
DayDeaMeSm.. {c |}{res}          1    65.81232           .   65.81232   65.81232
{txt}  (all {it:newnames}=={it:oldnames})
(262 missing values generated)
(386 real changes made, 386 to missing)
DayDeaMeSmA0320210130 if date == update_date

    Variable {c |}        Obs        Mean    Std. Dev.       Min        Max
{hline 13}{c +}{hline 57}
DayDeaMeS~30 {c |}{res}          1     66.9308           .    66.9308    66.9308
{txt}  (all {it:newnames}=={it:oldnames})
(259 missing values generated)
(389 real changes made, 389 to missing)
DayDeaMeSmA0320210203 if date == update_date

    Variable {c |}        Obs        Mean    Std. Dev.       Min        Max
{hline 13}{c +}{hline 57}
DayDeaMeSm.. {c |}{res}          1     70.4517           .    70.4517    70.4517
{txt}  (all {it:newnames}=={it:oldnames})
(251 missing values generated)
(397 real changes made, 397 to missing)
DayDeaMeSmA0320210210 if date == update_date

    Variable {c |}        Obs        Mean    Std. Dev.       Min        Max
{hline 13}{c +}{hline 57}
DayDeaMeSm.. {c |}{res}          1      63.735           .     63.735     63.735
{txt}  (all {it:newnames}=={it:oldnames})
(243 missing values generated)
(405 real changes made, 405 to missing)
DayDeaMeSmA0320210217 if date == update_date

    Variable {c |}        Obs        Mean    Std. Dev.       Min        Max
{hline 13}{c +}{hline 57}
DayDeaMeSm.. {c |}{res}          1    61.76741           .   61.76741   61.76741
{txt}  (all {it:newnames}=={it:oldnames})
(236 missing values generated)
(412 real changes made, 412 to missing)
DayDeaMeSmA0320210226 if date == update_date

    Variable {c |}        Obs        Mean    Std. Dev.       Min        Max
{hline 13}{c +}{hline 57}
DayDeaMeSm.. {c |}{res}          1    75.74268           .   75.74268   75.74268
{txt}  (all {it:newnames}=={it:oldnames})
(231 missing values generated)
(417 real changes made, 417 to missing)
DayDeaMeSmA0320210305 if date == update_date

    Variable {c |}        Obs        Mean    Std. Dev.       Min        Max
{hline 13}{c +}{hline 57}
DayDeaMeSm.. {c |}{res}          1    79.48553           .   79.48553   79.48553
{txt}  (all {it:newnames}=={it:oldnames})
(222 missing values generated)
(426 real changes made, 426 to missing)
DayDeaMeSmA0320210312 if date == update_date

    Variable {c |}        Obs        Mean    Std. Dev.       Min        Max
{hline 13}{c +}{hline 57}
DayDeaMeSm.. {c |}{res}          1    82.94339           .   82.94339   82.94339
{txt}  (all {it:newnames}=={it:oldnames})
(214 missing values generated)
(434 real changes made, 434 to missing)
DayDeaMeSmA0320210319 if date == update_date

    Variable {c |}        Obs        Mean    Std. Dev.       Min        Max
{hline 13}{c +}{hline 57}
DayDeaMeSm.. {c |}{res}          1    74.08786           .   74.08786   74.08786
{txt}  (all {it:newnames}=={it:oldnames})
(198 missing values generated)
(450 real changes made, 450 to missing)
DayDeaMeSmA0320210329 if date == update_date

    Variable {c |}        Obs        Mean    Std. Dev.       Min        Max
{hline 13}{c +}{hline 57}
DayDeaMeSm.. {c |}{res}          1    114.3937           .   114.3937   114.3937
{txt}  (all {it:newnames}=={it:oldnames})
(194 missing values generated)
(454 real changes made, 454 to missing)
DayDeaMeSmA0320210406 if date == update_date

    Variable {c |}        Obs        Mean    Std. Dev.       Min        Max
{hline 13}{c +}{hline 57}
DayDeaMeSm.. {c |}{res}          1    150.6397           .   150.6397   150.6397
{txt}  (all {it:newnames}=={it:oldnames})
(184 missing values generated)
(464 real changes made, 464 to missing)
DayDeaMeSmA0320210417 if date == update_date

    Variable {c |}        Obs        Mean    Std. Dev.       Min        Max
{hline 13}{c +}{hline 57}
DayDeaMeSm.. {c |}{res}          1    351.0867           .   351.0867   351.0867
{txt}  (all {it:newnames}=={it:oldnames})
(184 missing values generated)
(471 real changes made, 471 to missing)
DayDeaMeSmA0320210424 if date == update_date

    Variable {c |}        Obs        Mean    Std. Dev.       Min        Max
{hline 13}{c +}{hline 57}
DayDeaMeSm.. {c |}{res}          1    774.6523           .   774.6523   774.6523
{txt}  (all {it:newnames}=={it:oldnames})
(163 missing values generated)
(485 real changes made, 485 to missing)
DayDeaMeSmA0320210510 if date == update_date

    Variable {c |}        Obs        Mean    Std. Dev.       Min        Max
{hline 13}{c +}{hline 57}
DayDeaMeSm.. {c |}{res}          1    386.5143           .   386.5143   386.5143
{txt}  (all {it:newnames}=={it:oldnames})
(157 missing values generated)
(491 real changes made, 491 to missing)
DayDeaMeSmA0320210516 if date == update_date

    Variable {c |}        Obs        Mean    Std. Dev.       Min        Max
{hline 13}{c +}{hline 57}
DayDeaMeSm.. {c |}{res}          1    284.5739           .   284.5739   284.5739
{txt}  (all {it:newnames}=={it:oldnames})
(150 missing values generated)
(498 real changes made, 498 to missing)
DayDeaMeSmA0320210522 if date == update_date

    Variable {c |}        Obs        Mean    Std. Dev.       Min        Max
{hline 13}{c +}{hline 57}
DayDeaMeSm.. {c |}{res}          1    256.2475           .   256.2475   256.2475
{txt}  (all {it:newnames}=={it:oldnames})
(144 missing values generated)
(504 real changes made, 504 to missing)
DayDeaMeSmA0320210527 if date == update_date

    Variable {c |}        Obs        Mean    Std. Dev.       Min        Max
{hline 13}{c +}{hline 57}
DayDeaMeSm.. {c |}{res}          1    225.4529           .   225.4529   225.4529
{txt}  (all {it:newnames}=={it:oldnames})
(135 missing values generated)
(513 real changes made, 513 to missing)
DayDeaMeSmA0320210604 if date == update_date

    Variable {c |}        Obs        Mean    Std. Dev.       Min        Max
{hline 13}{c +}{hline 57}
DayDeaMeSm.. {c |}{res}          1    152.5331           .   152.5331   152.5331
{txt}  (all {it:newnames}=={it:oldnames})
(127 missing values generated)
(521 real changes made, 521 to missing)
DayDeaMeSmA0320210611 if date == update_date

    Variable {c |}        Obs        Mean    Std. Dev.       Min        Max
{hline 13}{c +}{hline 57}
DayDeaMeSm.. {c |}{res}          1    122.1129           .   122.1129   122.1129
{txt}  (all {it:newnames}=={it:oldnames})
(119 missing values generated)
(529 real changes made, 529 to missing)
DayDeaMeSmA0320210618 if date == update_date

    Variable {c |}        Obs        Mean    Std. Dev.       Min        Max
{hline 13}{c +}{hline 57}
DayDeaMeSm.. {c |}{res}          1    103.4463           .   103.4463   103.4463
{txt}  (all {it:newnames}=={it:oldnames})
(110 missing values generated)
(538 real changes made, 538 to missing)
DayDeaMeSmA0320210626 if date == update_date

    Variable {c |}        Obs        Mean    Std. Dev.       Min        Max
{hline 13}{c +}{hline 57}
DayDeaMeSm.. {c |}{res}          1    101.6697           .   101.6697   101.6697
{txt}  (all {it:newnames}=={it:oldnames})
(103 missing values generated)
(545 real changes made, 545 to missing)
DayDeaMeSmA0320210702 if date == update_date

    Variable {c |}        Obs        Mean    Std. Dev.       Min        Max
{hline 13}{c +}{hline 57}
DayDeaMeSm.. {c |}{res}          1     120.632           .    120.632    120.632
{txt}  (all {it:newnames}=={it:oldnames})
(95 missing values generated)
(553 real changes made, 553 to missing)
DayDeaMeSmA0320210709 if date == update_date

    Variable {c |}        Obs        Mean    Std. Dev.       Min        Max
{hline 13}{c +}{hline 57}
DayDeaMeSm.. {c |}{res}          1    130.4863           .   130.4863   130.4863
{txt}  (all {it:newnames}=={it:oldnames})
(84 missing values generated)
(564 real changes made, 564 to missing)
DayDeaMeSmA0320210719 if date == update_date

    Variable {c |}        Obs        Mean    Std. Dev.       Min        Max
{hline 13}{c +}{hline 57}
DayDeaMeSm.. {c |}{res}          1    197.9981           .   197.9981   197.9981
{txt}  (all {it:newnames}=={it:oldnames})
(65 missing values generated)
(583 real changes made, 583 to missing)
DayDeaMeSmA0320210806 if date == update_date

    Variable {c |}        Obs        Mean    Std. Dev.       Min        Max
{hline 13}{c +}{hline 57}
DayDeaMeSm.. {c |}{res}          1    406.5927           .   406.5927   406.5927
{txt}  (all {it:newnames}=={it:oldnames})
(50 missing values generated)
(598 real changes made, 598 to missing)
DayDeaMeSmA0320210819 if date == update_date

    Variable {c |}        Obs        Mean    Std. Dev.       Min        Max
{hline 13}{c +}{hline 57}
DayDeaMeSm.. {c |}{res}          1    678.6997           .   678.6997   678.6997
{txt}  (all {it:newnames}=={it:oldnames})
(44 missing values generated)
(604 real changes made, 604 to missing)
DayDeaMeSmA0320210825 if date == update_date

    Variable {c |}        Obs        Mean    Std. Dev.       Min        Max
{hline 13}{c +}{hline 57}
DayDeaMeSm.. {c |}{res}          1    613.3113           .   613.3113   613.3113
{txt}  (all {it:newnames}=={it:oldnames})
(29 missing values generated)
(619 real changes made, 619 to missing)
DayDeaMeSmA0320210909 if date == update_date

    Variable {c |}        Obs        Mean    Std. Dev.       Min        Max
{hline 13}{c +}{hline 57}
DayDeaMeSm.. {c |}{res}          1    496.4015           .   496.4015   496.4015
{txt}  (all {it:newnames}=={it:oldnames})
(14 missing values generated)
(634 real changes made, 634 to missing)
DayDeaMeSmA0320210924 if date == update_date

    Variable {c |}        Obs        Mean    Std. Dev.       Min        Max
{hline 13}{c +}{hline 57}
DayDeaMeSm.. {c |}{res}          1    297.8618           .   297.8618   297.8618
{txt}  (all {it:newnames}=={it:oldnames})
(3 missing values generated)
(647 real changes made, 647 to missing)
DayDeaMeSmA0320211006 if date == update_date

    Variable {c |}        Obs        Mean    Std. Dev.       Min        Max
{hline 13}{c +}{hline 57}
DayDeaMeSm.. {c |}{res}          1    188.8251           .   188.8251   188.8251
{txt}  (all {it:newnames}=={it:oldnames})
(1 missing value generated)
(664 real changes made, 664 to missing)
DayDeaMeSmA0320211021 if date == update_date

    Variable {c |}        Obs        Mean    Std. Dev.       Min        Max
{hline 13}{c +}{hline 57}
DayDeaMeSm.. {c |}{res}          1    103.2969           .   103.2969   103.2969
{txt}  (all {it:newnames}=={it:oldnames})
(671 real changes made, 671 to missing)
DayDeaMeSmA0320211027 if date == update_date

    Variable {c |}        Obs        Mean    Std. Dev.       Min        Max
{hline 13}{c +}{hline 57}
DayDeaMeSm.. {c |}{res}          1    91.97312           .   91.97312   91.97312
{txt}  (all {it:newnames}=={it:oldnames})
(678 real changes made, 678 to missing)
DayDeaMeSmA0320211103 if date == update_date

    Variable {c |}        Obs        Mean    Std. Dev.       Min        Max
{hline 13}{c +}{hline 57}
DayDeaMeSm.. {c |}{res}          1    82.98366           .   82.98366   82.98366
{txt}  (all {it:newnames}=={it:oldnames})
(690 real changes made, 690 to missing)
DayDeaMeSmA0320211115 if date == update_date

    Variable {c |}        Obs        Mean    Std. Dev.       Min        Max
{hline 13}{c +}{hline 57}
DayDeaMeSm.. {c |}{res}          1    47.68803           .   47.68803   47.68803
{txt}  (all {it:newnames}=={it:oldnames})
(696 real changes made, 696 to missing)
DayDeaMeSmA0320211121 if date == update_date

    Variable {c |}        Obs        Mean    Std. Dev.       Min        Max
{hline 13}{c +}{hline 57}
DayDeaMeSm.. {c |}{res}          1    55.03732           .   55.03732   55.03732
{txt}  (all {it:newnames}=={it:oldnames})
(704 real changes made, 704 to missing)
DayDeaMeSmA0320211129 if date == update_date

    Variable {c |}        Obs        Mean    Std. Dev.       Min        Max
{hline 13}{c +}{hline 57}
DayDeaMeSm.. {c |}{res}          1    72.60696           .   72.60696   72.60696
{txt}  (all {it:newnames}=={it:oldnames})
(710 real changes made, 710 to missing)
DayDeaMeSmA0320211205 if date == update_date

    Variable {c |}        Obs        Mean    Std. Dev.       Min        Max
{hline 13}{c +}{hline 57}
DayDeaMeSm.. {c |}{res}          1    62.53652           .   62.53652   62.53652
{txt}  (all {it:newnames}=={it:oldnames})
(718 real changes made, 718 to missing)
DayDeaMeSmA0320211213 if date == update_date

    Variable {c |}        Obs        Mean    Std. Dev.       Min        Max
{hline 13}{c +}{hline 57}
DayDeaMeSm.. {c |}{res}          1    59.03857           .   59.03857   59.03857
{txt}  (all {it:newnames}=={it:oldnames})
(10 missing values generated)
(721 real changes made, 721 to missing)
DayDeaMeSmA0320211226 if date == update_date

    Variable {c |}        Obs        Mean    Std. Dev.       Min        Max
{hline 13}{c +}{hline 57}
DayDeaMeSm.. {c |}{res}          1    43.04589           .   43.04589   43.04589
{txt}
{com}. *
. 
. 
. save "CovidLongitudinal IMPE 2.dta", replace
{txt}file CovidLongitudinal IMPE 2.dta saved

{com}. 
. 
. 
. 
. 
. 
. 
. 
. 
. view "log CovidLongitudinal IMPE 3.smcl"
{txt}
{com}. 
. log close
      {txt}name:  {res}<unnamed>
       {txt}log:  {res}/Users/farshadpourmalek/Downloads/CovidLongitudinal-main/Iran/code/IMPE/log CovidLongitudinal IMPE 3.smcl
  {txt}log type:  {res}smcl
 {txt}closed on:  {res}17 May 2022, 21:54:32
{txt}{.-}
{smcl}
{txt}{sf}{ul off}