{smcl}
{com}{sf}{ul off}{txt}{.-}
      name:  {res}<unnamed>
       {txt}log:  {res}/Users/farshadpourmalek/Downloads/CovidLongitudinal-main/Iran/code/DELP/log CovidLongitudinal DELP 4.smcl
  {txt}log type:  {res}smcl
 {txt}opened on:  {res}16 May 2022, 12:00:52
{txt}
{com}. 
. ***************************************************************************
. * This is "do CovidLongitudinal DELP 4.do"
. 
. * Project: Longitudinal assessment of COVID-19 models                                                                         
. * Person: Farshad Pourmalek pourmalek_farshad at yahoo dotcom
. ***************************************************************************
. 
. 
. * continue graphs, daily deaths: updates together (without error measures)
. * graphs 2 a b c d of all model updates (together) with official reports (JOHN)
. * 2 a With extremes
. * 2 b Without extremes
. * 2 c Forecast only, with extremes
. * 2 d Forecast only, ithout extremes
. * input data files: "CovidLongitudinal DELP.dta"
. * output data files: none. no change in data.
. 
. 
. 
. 
. 
. * Daily deaths
. 
. * Updates together, Estimatesâ€™ values (without error measures)
. 
. 
. 
. 
. 
. 
. 
. grstyle init
{res}{txt}
{com}. 
. grstyle color background white
{txt}
{com}. 
. 
. use "CovidLongitudinal DELP.dta", clear 
{txt}
{com}. 
. 
. 
. 
. 
. 
. 
. ***********************************************
. 
. * graph 2 a Daily deaths, Updates together, With extremes
. 
. twoway /// 
> (line DayDeaMeSmA00 date, sort lcolor(cyan) lwidth(thick)) /// 1 "JOHN smooth"
> (line DayDeaMeSmA0120200417 date, sort lcolor(gold) lwidth(medium)) /// 2-69 (68 updates)
> (line DayDeaMeSmA0120200424 date, sort lcolor(gold) lwidth(medium)) ///
> (line DayDeaMeSmA0120200501 date, sort lcolor(gold) lwidth(medium)) ///
> (line DayDeaMeSmA0120200509 date, sort lcolor(gold) lwidth(medium)) ///
> (line DayDeaMeSmA0120200517 date, sort lcolor(gold) lwidth(medium)) ///
> (line DayDeaMeSmA0120200524 date, sort lcolor(gold) lwidth(medium)) ///
> (line DayDeaMeSmA0120200531 date, sort lcolor(gold) lwidth(medium)) ///
> (line DayDeaMeSmA0120200607 date, sort lcolor(gold) lwidth(medium)) ///
> (line DayDeaMeSmA0120200614 date, sort lcolor(gold) lwidth(medium)) ///
> (line DayDeaMeSmA0120200621 date, sort lcolor(gold) lwidth(medium)) ///
> (line DayDeaMeSmA0120200628 date, sort lcolor(gold) lwidth(medium)) ///
> (line DayDeaMeSmA0120200704 date, sort lcolor(gold) lwidth(medium)) ///
> (line DayDeaMeSmA0120200718 date, sort lcolor(gold) lwidth(medium)) ///
> (line DayDeaMeSmA0120200723 date, sort lcolor(gold) lwidth(medium)) ///
> (line DayDeaMeSmA0120200801 date, sort lcolor(gold) lwidth(medium)) ///
> (line DayDeaMeSmA0120200815 date, sort lcolor(gold) lwidth(medium)) ///
> (line DayDeaMeSmA0120200829 date, sort lcolor(gold) lwidth(medium)) ///
> (line DayDeaMeSmA0120200912 date, sort lcolor(gold) lwidth(medium)) ///
> (line DayDeaMeSmA0120200926 date, sort lcolor(gold) lwidth(medium)) ///
> (line DayDeaMeSmA0120201008 date, sort lcolor(gold) lwidth(medium)) ///
> (line DayDeaMeSmA0120201022 date, sort lcolor(gold) lwidth(medium)) ///
> (line DayDeaMeSmA0120201105 date, sort lcolor(gold) lwidth(medium)) ///
> (line DayDeaMeSmA0120201119 date, sort lcolor(gold) lwidth(medium)) ///
> (line DayDeaMeSmA0120201119 date, sort lcolor(gold) lwidth(medium)) ///
> (line DayDeaMeSmA0120201203 date, sort lcolor(gold) lwidth(medium)) ///
> (line DayDeaMeSmA0120201217 date, sort lcolor(gold) lwidth(medium)) ///
> (line DayDeaMeSmA0120201231 date, sort lcolor(gold) lwidth(medium)) ///
> (line DayDeaMeSmA0120210114 date, sort lcolor(gold) lwidth(medium)) ///
> (line DayDeaMeSmA0120210128 date, sort lcolor(gold) lwidth(medium)) ///
> (line DayDeaMeSmA0120210211 date, sort lcolor(gold) lwidth(medium)) ///
> (line DayDeaMeSmA0120210225 date, sort lcolor(gold) lwidth(medium)) ///
> (line DayDeaMeSmA0120210311 date, sort lcolor(gold) lwidth(medium)) ///
> (line DayDeaMeSmA0120210325 date, sort lcolor(gold) lwidth(medium)) ///
> (line DayDeaMeSmA0120210408 date, sort lcolor(gold) lwidth(medium)) ///
> (line DayDeaMeSmA0120210422 date, sort lcolor(gold) lwidth(medium)) ///
> (line DayDeaMeSmA0120210506 date, sort lcolor(gold) lwidth(medium)) ///
> (line DayDeaMeSmA0120210520 date, sort lcolor(gold) lwidth(medium)) ///
> (line DayDeaMeSmA0120210603 date, sort lcolor(gold) lwidth(medium)) ///
> (line DayDeaMeSmA0120210610 date, sort lcolor(gold) lwidth(medium)) ///
> (line DayDeaMeSmA0120210617 date, sort lcolor(gold) lwidth(medium)) ///
> (line DayDeaMeSmA0120210624 date, sort lcolor(gold) lwidth(medium)) ///
> (line DayDeaMeSmA0120210701 date, sort lcolor(gold) lwidth(medium)) ///
> (line DayDeaMeSmA0120210708 date, sort lcolor(gold) lwidth(medium)) ///
> (line DayDeaMeSmA0120210715 date, sort lcolor(gold) lwidth(medium)) ///
> (line DayDeaMeSmA0120210722 date, sort lcolor(gold) lwidth(medium)) ///
> (line DayDeaMeSmA0120210729 date, sort lcolor(gold) lwidth(medium)) ///
> (line DayDeaMeSmA0120210805 date, sort lcolor(gold) lwidth(medium)) ///
> (line DayDeaMeSmA0120210812 date, sort lcolor(gold) lwidth(medium)) ///
> (line DayDeaMeSmA0120210819 date, sort lcolor(gold) lwidth(medium)) ///
> (line DayDeaMeSmA0120210826 date, sort lcolor(gold) lwidth(medium)) ///
> (line DayDeaMeSmA0120210902 date, sort lcolor(gold) lwidth(medium)) ///
> (line DayDeaMeSmA0120210909 date, sort lcolor(gold) lwidth(medium)) ///
> (line DayDeaMeSmA0120210916 date, sort lcolor(gold) lwidth(medium)) ///
> (line DayDeaMeSmA0120210923 date, sort lcolor(gold) lwidth(medium)) ///
> (line DayDeaMeSmA0120210930 date, sort lcolor(gold) lwidth(medium)) ///
> (line DayDeaMeSmA0120211007 date, sort lcolor(gold) lwidth(medium)) ///
> (line DayDeaMeSmA0120211014 date, sort lcolor(gold) lwidth(medium)) ///
> (line DayDeaMeSmA0120211021 date, sort lcolor(gold) lwidth(medium)) ///
> (line DayDeaMeSmA0120211028 date, sort lcolor(gold) lwidth(medium)) ///
> (line DayDeaMeSmA0120211104 date, sort lcolor(gold) lwidth(medium)) ///
> (line DayDeaMeSmA0120211111 date, sort lcolor(gold) lwidth(medium)) ///
> (line DayDeaMeSmA0120211118 date, sort lcolor(gold) lwidth(medium)) ///
> (line DayDeaMeSmA0120211125 date, sort lcolor(gold) lwidth(medium)) ///
> (line DayDeaMeSmA0120211202 date, sort lcolor(gold) lwidth(medium)) ///
> (line DayDeaMeSmA0120211209 date, sort lcolor(gold) lwidth(medium)) ///
> (line DayDeaMeSmA0120211216 date, sort lcolor(gold) lwidth(medium)) ///
> (line DayDeaMeSmA0120211223 date, sort lcolor(gold) lwidth(medium)) ///
> (line DayDeaMeSmA0120211230 date, sort lcolor(gold) lwidth(medium)) /// 69
> (line DayDeaFOREA0120200417 date, sort lcolor(red) lwidth(medium)) /// 70
> (line DayDeaFOREA0120200424 date, sort lcolor(red) lwidth(medium)) ///
> (line DayDeaFOREA0120200501 date, sort lcolor(red) lwidth(medium)) ///
> (line DayDeaFOREA0120200509 date, sort lcolor(red) lwidth(medium)) ///
> (line DayDeaFOREA0120200517 date, sort lcolor(red) lwidth(medium)) ///
> (line DayDeaFOREA0120200524 date, sort lcolor(red) lwidth(medium)) ///
> (line DayDeaFOREA0120200531 date, sort lcolor(red) lwidth(medium)) ///
> (line DayDeaFOREA0120200607 date, sort lcolor(red) lwidth(medium)) ///
> (line DayDeaFOREA0120200614 date, sort lcolor(red) lwidth(medium)) ///
> (line DayDeaFOREA0120200621 date, sort lcolor(red) lwidth(medium)) ///
> (line DayDeaFOREA0120200628 date, sort lcolor(red) lwidth(medium)) ///
> (line DayDeaFOREA0120200704 date, sort lcolor(red) lwidth(medium)) ///
> (line DayDeaFOREA0120200718 date, sort lcolor(red) lwidth(medium)) ///
> (line DayDeaFOREA0120200723 date, sort lcolor(red) lwidth(medium)) ///
> (line DayDeaFOREA0120200801 date, sort lcolor(red) lwidth(medium)) ///
> (line DayDeaFOREA0120200815 date, sort lcolor(red) lwidth(medium)) ///
> (line DayDeaFOREA0120200829 date, sort lcolor(red) lwidth(medium)) ///
> (line DayDeaFOREA0120200912 date, sort lcolor(red) lwidth(medium)) ///
> (line DayDeaFOREA0120200926 date, sort lcolor(red) lwidth(medium)) ///
> (line DayDeaFOREA0120201008 date, sort lcolor(red) lwidth(medium)) ///
> (line DayDeaFOREA0120201022 date, sort lcolor(red) lwidth(medium)) ///
> (line DayDeaFOREA0120201105 date, sort lcolor(red) lwidth(medium)) ///
> (line DayDeaFOREA0120201119 date, sort lcolor(red) lwidth(medium)) ///
> (line DayDeaFOREA0120201119 date, sort lcolor(red) lwidth(medium)) ///
> (line DayDeaFOREA0120201203 date, sort lcolor(red) lwidth(medium)) ///
> (line DayDeaFOREA0120201217 date, sort lcolor(red) lwidth(medium)) ///
> (line DayDeaFOREA0120201231 date, sort lcolor(red) lwidth(medium)) ///
> (line DayDeaFOREA0120210114 date, sort lcolor(red) lwidth(medium)) ///
> (line DayDeaFOREA0120210128 date, sort lcolor(red) lwidth(medium)) ///
> (line DayDeaFOREA0120210211 date, sort lcolor(red) lwidth(medium)) ///
> (line DayDeaFOREA0120210225 date, sort lcolor(red) lwidth(medium)) ///
> (line DayDeaFOREA0120210311 date, sort lcolor(red) lwidth(medium)) ///
> (line DayDeaFOREA0120210325 date, sort lcolor(red) lwidth(medium)) ///
> (line DayDeaFOREA0120210408 date, sort lcolor(red) lwidth(medium)) ///
> (line DayDeaFOREA0120210422 date, sort lcolor(red) lwidth(medium)) ///
> (line DayDeaFOREA0120210506 date, sort lcolor(red) lwidth(medium)) ///
> (line DayDeaFOREA0120210520 date, sort lcolor(red) lwidth(medium)) ///
> (line DayDeaFOREA0120210603 date, sort lcolor(red) lwidth(medium)) ///
> (line DayDeaFOREA0120210610 date, sort lcolor(red) lwidth(medium)) ///
> (line DayDeaFOREA0120210617 date, sort lcolor(red) lwidth(medium)) ///
> (line DayDeaFOREA0120210624 date, sort lcolor(red) lwidth(medium)) ///
> (line DayDeaFOREA0120210701 date, sort lcolor(red) lwidth(medium)) ///
> (line DayDeaFOREA0120210708 date, sort lcolor(red) lwidth(medium)) ///
> (line DayDeaFOREA0120210715 date, sort lcolor(red) lwidth(medium)) ///
> (line DayDeaFOREA0120210722 date, sort lcolor(red) lwidth(medium)) ///
> (line DayDeaFOREA0120210729 date, sort lcolor(red) lwidth(medium)) ///
> (line DayDeaFOREA0120210805 date, sort lcolor(red) lwidth(medium)) ///
> (line DayDeaFOREA0120210812 date, sort lcolor(red) lwidth(medium)) ///
> (line DayDeaFOREA0120210819 date, sort lcolor(red) lwidth(medium)) ///
> (line DayDeaFOREA0120210826 date, sort lcolor(red) lwidth(medium)) ///
> (line DayDeaFOREA0120210902 date, sort lcolor(red) lwidth(medium)) ///
> (line DayDeaFOREA0120210909 date, sort lcolor(red) lwidth(medium)) ///
> (line DayDeaFOREA0120210916 date, sort lcolor(red) lwidth(medium)) ///
> (line DayDeaFOREA0120210923 date, sort lcolor(red) lwidth(medium)) ///
> (line DayDeaFOREA0120210930 date, sort lcolor(red) lwidth(medium)) ///
> (line DayDeaFOREA0120211007 date, sort lcolor(red) lwidth(medium)) ///
> (line DayDeaFOREA0120211014 date, sort lcolor(red) lwidth(medium)) ///
> (line DayDeaFOREA0120211021 date, sort lcolor(red) lwidth(medium)) ///
> (line DayDeaFOREA0120211028 date, sort lcolor(red) lwidth(medium)) ///
> (line DayDeaFOREA0120211104 date, sort lcolor(red) lwidth(medium)) ///
> (line DayDeaFOREA0120211111 date, sort lcolor(red) lwidth(medium)) ///
> (line DayDeaFOREA0120211118 date, sort lcolor(red) lwidth(medium)) ///
> (line DayDeaFOREA0120211125 date, sort lcolor(red) lwidth(medium)) ///
> (line DayDeaFOREA0120211202 date, sort lcolor(red) lwidth(medium)) ///
> (line DayDeaFOREA0120211209 date, sort lcolor(red) lwidth(medium)) ///
> (line DayDeaFOREA0120211216 date, sort lcolor(red) lwidth(medium)) ///
> (line DayDeaFOREA0120211223 date, sort lcolor(red) lwidth(medium)) ///
> (line DayDeaFOREA0120211230 date, sort lcolor(red) lwidth(medium)) ///
> if date >= td(01jan2020) & date <= td(01jan2022) & provincestate == " National" ///
> , xtitle(Date) xlabel(#24, format(%tdYY-NN-DD) labsize(small)) xlabel(, grid) xlabel(, grid) ///
> xlabel(, angle(forty_five)) ylabel(, format(%15.0fc) labsize(small))  ylabel(, labsize(small) angle(horizontal)) ///
> ytitle(Daily deaths) title("C19 daily deaths, $country, DELP, all updates", size(medium) color(black)) /// 
> xscale(lwidth(vthin) lcolor(gray*.2)) yscale(lwidth(vthin) lcolor(gray*.2)) legend(region(lcolor(none))) legend(bexpand) ///
> legend(order(1 "JOHN smooth" 2 "DELP smooth, backcast" 70 "DELP smooth, forecast") size(small) row(1)) ///
> subtitle("With extremes", size(small)) yscale(titlegap(2))
{res}{txt}
{com}. 
. qui graph export "graph 2 a C19 daily deaths, $country, DELP, Updates together With extremes.pdf", replace
{txt}
{com}. 
. 
. 
. 
. 
. 
. 
. ***********************************************
. 
. * graph 2 b Daily deaths, Updates together, Without extremes
. 
. * extremes (much higher than other updates) = update 20210128 20210211 20210225 
. 
. twoway ///
> (line DayDeaMeSmA00 date, sort lcolor(cyan) lwidth(thick)) /// 1 "JOHN smooth"
> (line DayDeaMeSmA0120200417 date, sort lcolor(gold) lwidth(medium)) ///
> (line DayDeaMeSmA0120200424 date, sort lcolor(gold) lwidth(medium)) ///
> (line DayDeaMeSmA0120200501 date, sort lcolor(gold) lwidth(medium)) ///
> (line DayDeaMeSmA0120200509 date, sort lcolor(gold) lwidth(medium)) ///
> (line DayDeaMeSmA0120200517 date, sort lcolor(gold) lwidth(medium)) ///
> (line DayDeaMeSmA0120200524 date, sort lcolor(gold) lwidth(medium)) ///
> (line DayDeaMeSmA0120200531 date, sort lcolor(gold) lwidth(medium)) ///
> (line DayDeaMeSmA0120200607 date, sort lcolor(gold) lwidth(medium)) ///
> (line DayDeaMeSmA0120200614 date, sort lcolor(gold) lwidth(medium)) ///
> (line DayDeaMeSmA0120200621 date, sort lcolor(gold) lwidth(medium)) ///
> (line DayDeaMeSmA0120200628 date, sort lcolor(gold) lwidth(medium)) ///
> (line DayDeaMeSmA0120200704 date, sort lcolor(gold) lwidth(medium)) ///
> (line DayDeaMeSmA0120200718 date, sort lcolor(gold) lwidth(medium)) ///
> (line DayDeaMeSmA0120200723 date, sort lcolor(gold) lwidth(medium)) ///
> (line DayDeaMeSmA0120200801 date, sort lcolor(gold) lwidth(medium)) ///
> (line DayDeaMeSmA0120200815 date, sort lcolor(gold) lwidth(medium)) ///
> (line DayDeaMeSmA0120200829 date, sort lcolor(gold) lwidth(medium)) ///
> (line DayDeaMeSmA0120200912 date, sort lcolor(gold) lwidth(medium)) ///
> (line DayDeaMeSmA0120200926 date, sort lcolor(gold) lwidth(medium)) ///
> (line DayDeaMeSmA0120201008 date, sort lcolor(gold) lwidth(medium)) ///
> (line DayDeaMeSmA0120201022 date, sort lcolor(gold) lwidth(medium)) ///
> (line DayDeaMeSmA0120201105 date, sort lcolor(gold) lwidth(medium)) ///
> (line DayDeaMeSmA0120201119 date, sort lcolor(gold) lwidth(medium)) ///
> (line DayDeaMeSmA0120201119 date, sort lcolor(gold) lwidth(medium)) ///
> (line DayDeaMeSmA0120201203 date, sort lcolor(gold) lwidth(medium)) ///
> (line DayDeaMeSmA0120201217 date, sort lcolor(gold) lwidth(medium)) ///
> (line DayDeaMeSmA0120201231 date, sort lcolor(gold) lwidth(medium)) ///
> (line DayDeaMeSmA0120210114 date, sort lcolor(gold) lwidth(medium)) ///
> (line DayDeaMeSmA0120210311 date, sort lcolor(gold) lwidth(medium)) ///
> (line DayDeaMeSmA0120210325 date, sort lcolor(gold) lwidth(medium)) ///
> (line DayDeaMeSmA0120210408 date, sort lcolor(gold) lwidth(medium)) ///
> (line DayDeaMeSmA0120210422 date, sort lcolor(gold) lwidth(medium)) ///
> (line DayDeaMeSmA0120210506 date, sort lcolor(gold) lwidth(medium)) ///
> (line DayDeaMeSmA0120210520 date, sort lcolor(gold) lwidth(medium)) ///
> (line DayDeaMeSmA0120210603 date, sort lcolor(gold) lwidth(medium)) ///
> (line DayDeaMeSmA0120210610 date, sort lcolor(gold) lwidth(medium)) ///
> (line DayDeaMeSmA0120210617 date, sort lcolor(gold) lwidth(medium)) ///
> (line DayDeaMeSmA0120210624 date, sort lcolor(gold) lwidth(medium)) ///
> (line DayDeaMeSmA0120210701 date, sort lcolor(gold) lwidth(medium)) ///
> (line DayDeaMeSmA0120210708 date, sort lcolor(gold) lwidth(medium)) ///
> (line DayDeaMeSmA0120210715 date, sort lcolor(gold) lwidth(medium)) ///
> (line DayDeaMeSmA0120210722 date, sort lcolor(gold) lwidth(medium)) ///
> (line DayDeaMeSmA0120210729 date, sort lcolor(gold) lwidth(medium)) ///
> (line DayDeaMeSmA0120210805 date, sort lcolor(gold) lwidth(medium)) ///
> (line DayDeaMeSmA0120210812 date, sort lcolor(gold) lwidth(medium)) ///
> (line DayDeaMeSmA0120210819 date, sort lcolor(gold) lwidth(medium)) ///
> (line DayDeaMeSmA0120210826 date, sort lcolor(gold) lwidth(medium)) ///
> (line DayDeaMeSmA0120210902 date, sort lcolor(gold) lwidth(medium)) ///
> (line DayDeaMeSmA0120210909 date, sort lcolor(gold) lwidth(medium)) ///
> (line DayDeaMeSmA0120210916 date, sort lcolor(gold) lwidth(medium)) ///
> (line DayDeaMeSmA0120210923 date, sort lcolor(gold) lwidth(medium)) ///
> (line DayDeaMeSmA0120210930 date, sort lcolor(gold) lwidth(medium)) ///
> (line DayDeaMeSmA0120211007 date, sort lcolor(gold) lwidth(medium)) ///
> (line DayDeaMeSmA0120211014 date, sort lcolor(gold) lwidth(medium)) ///
> (line DayDeaMeSmA0120211021 date, sort lcolor(gold) lwidth(medium)) ///
> (line DayDeaMeSmA0120211028 date, sort lcolor(gold) lwidth(medium)) ///
> (line DayDeaMeSmA0120211104 date, sort lcolor(gold) lwidth(medium)) ///
> (line DayDeaMeSmA0120211111 date, sort lcolor(gold) lwidth(medium)) ///
> (line DayDeaMeSmA0120211118 date, sort lcolor(gold) lwidth(medium)) ///
> (line DayDeaMeSmA0120211125 date, sort lcolor(gold) lwidth(medium)) ///
> (line DayDeaMeSmA0120211202 date, sort lcolor(gold) lwidth(medium)) ///
> (line DayDeaMeSmA0120211209 date, sort lcolor(gold) lwidth(medium)) ///
> (line DayDeaMeSmA0120211216 date, sort lcolor(gold) lwidth(medium)) ///
> (line DayDeaMeSmA0120211223 date, sort lcolor(gold) lwidth(medium)) ///
> (line DayDeaMeSmA0120211230 date, sort lcolor(gold) lwidth(medium)) ///
> (line DayDeaFOREA0120200417 date, sort lcolor(red) lwidth(medium)) ///
> (line DayDeaFOREA0120200424 date, sort lcolor(red) lwidth(medium)) ///
> (line DayDeaFOREA0120200501 date, sort lcolor(red) lwidth(medium)) ///
> (line DayDeaFOREA0120200509 date, sort lcolor(red) lwidth(medium)) ///
> (line DayDeaFOREA0120200517 date, sort lcolor(red) lwidth(medium)) ///
> (line DayDeaFOREA0120200524 date, sort lcolor(red) lwidth(medium)) ///
> (line DayDeaFOREA0120200531 date, sort lcolor(red) lwidth(medium)) ///
> (line DayDeaFOREA0120200607 date, sort lcolor(red) lwidth(medium)) ///
> (line DayDeaFOREA0120200614 date, sort lcolor(red) lwidth(medium)) ///
> (line DayDeaFOREA0120200621 date, sort lcolor(red) lwidth(medium)) ///
> (line DayDeaFOREA0120200628 date, sort lcolor(red) lwidth(medium)) ///
> (line DayDeaFOREA0120200704 date, sort lcolor(red) lwidth(medium)) ///
> (line DayDeaFOREA0120200718 date, sort lcolor(red) lwidth(medium)) ///
> (line DayDeaFOREA0120200723 date, sort lcolor(red) lwidth(medium)) ///
> (line DayDeaFOREA0120200801 date, sort lcolor(red) lwidth(medium)) ///
> (line DayDeaFOREA0120200815 date, sort lcolor(red) lwidth(medium)) ///
> (line DayDeaFOREA0120200829 date, sort lcolor(red) lwidth(medium)) ///
> (line DayDeaFOREA0120200912 date, sort lcolor(red) lwidth(medium)) ///
> (line DayDeaFOREA0120200926 date, sort lcolor(red) lwidth(medium)) ///
> (line DayDeaFOREA0120201008 date, sort lcolor(red) lwidth(medium)) ///
> (line DayDeaFOREA0120201022 date, sort lcolor(red) lwidth(medium)) ///
> (line DayDeaFOREA0120201105 date, sort lcolor(red) lwidth(medium)) ///
> (line DayDeaFOREA0120201119 date, sort lcolor(red) lwidth(medium)) ///
> (line DayDeaFOREA0120201119 date, sort lcolor(red) lwidth(medium)) ///
> (line DayDeaFOREA0120201203 date, sort lcolor(red) lwidth(medium)) ///
> (line DayDeaFOREA0120201217 date, sort lcolor(red) lwidth(medium)) ///
> (line DayDeaFOREA0120201231 date, sort lcolor(red) lwidth(medium)) ///
> (line DayDeaFOREA0120210114 date, sort lcolor(red) lwidth(medium)) ///
> (line DayDeaFOREA0120210311 date, sort lcolor(red) lwidth(medium)) ///
> (line DayDeaFOREA0120210325 date, sort lcolor(red) lwidth(medium)) ///
> (line DayDeaFOREA0120210408 date, sort lcolor(red) lwidth(medium)) ///
> (line DayDeaFOREA0120210422 date, sort lcolor(red) lwidth(medium)) ///
> (line DayDeaFOREA0120210506 date, sort lcolor(red) lwidth(medium)) ///
> (line DayDeaFOREA0120210520 date, sort lcolor(red) lwidth(medium)) ///
> (line DayDeaFOREA0120210603 date, sort lcolor(red) lwidth(medium)) ///
> (line DayDeaFOREA0120210610 date, sort lcolor(red) lwidth(medium)) ///
> (line DayDeaFOREA0120210617 date, sort lcolor(red) lwidth(medium)) ///
> (line DayDeaFOREA0120210624 date, sort lcolor(red) lwidth(medium)) ///
> (line DayDeaFOREA0120210701 date, sort lcolor(red) lwidth(medium)) ///
> (line DayDeaFOREA0120210708 date, sort lcolor(red) lwidth(medium)) ///
> (line DayDeaFOREA0120210715 date, sort lcolor(red) lwidth(medium)) ///
> (line DayDeaFOREA0120210722 date, sort lcolor(red) lwidth(medium)) ///
> (line DayDeaFOREA0120210729 date, sort lcolor(red) lwidth(medium)) ///
> (line DayDeaFOREA0120210805 date, sort lcolor(red) lwidth(medium)) ///
> (line DayDeaFOREA0120210812 date, sort lcolor(red) lwidth(medium)) ///
> (line DayDeaFOREA0120210819 date, sort lcolor(red) lwidth(medium)) ///
> (line DayDeaFOREA0120210826 date, sort lcolor(red) lwidth(medium)) ///
> (line DayDeaFOREA0120210902 date, sort lcolor(red) lwidth(medium)) ///
> (line DayDeaFOREA0120210909 date, sort lcolor(red) lwidth(medium)) ///
> (line DayDeaFOREA0120210916 date, sort lcolor(red) lwidth(medium)) ///
> (line DayDeaFOREA0120210923 date, sort lcolor(red) lwidth(medium)) ///
> (line DayDeaFOREA0120210930 date, sort lcolor(red) lwidth(medium)) ///
> (line DayDeaFOREA0120211007 date, sort lcolor(red) lwidth(medium)) ///
> (line DayDeaFOREA0120211014 date, sort lcolor(red) lwidth(medium)) ///
> (line DayDeaFOREA0120211021 date, sort lcolor(red) lwidth(medium)) ///
> (line DayDeaFOREA0120211028 date, sort lcolor(red) lwidth(medium)) ///
> (line DayDeaFOREA0120211104 date, sort lcolor(red) lwidth(medium)) ///
> (line DayDeaFOREA0120211111 date, sort lcolor(red) lwidth(medium)) ///
> (line DayDeaFOREA0120211118 date, sort lcolor(red) lwidth(medium)) ///
> (line DayDeaFOREA0120211125 date, sort lcolor(red) lwidth(medium)) ///
> (line DayDeaFOREA0120211202 date, sort lcolor(red) lwidth(medium)) ///
> (line DayDeaFOREA0120211209 date, sort lcolor(red) lwidth(medium)) ///
> (line DayDeaFOREA0120211216 date, sort lcolor(red) lwidth(medium)) ///
> (line DayDeaFOREA0120211223 date, sort lcolor(red) lwidth(medium)) ///
> (line DayDeaFOREA0120211230 date, sort lcolor(red) lwidth(medium)) ///
> if date >= td(01jan2020) & date <= td(01jan2022) & provincestate == " National" ///
> , xtitle(Date) xlabel(#24, format(%tdYY-NN-DD) labsize(small)) xlabel(, grid) xlabel(, grid) ///
> xlabel(, angle(forty_five)) ylabel(, format(%15.0fc) labsize(small))  ylabel(, labsize(small) angle(horizontal)) ///
> ytitle(Daily deaths) title("C19 daily deaths, $country, DELP, all updates", size(medium) color(black)) /// 
> xscale(lwidth(vthin) lcolor(gray*.2)) yscale(lwidth(vthin) lcolor(gray*.2)) legend(region(lcolor(none))) legend(bexpand) ///
> legend(order(1 "JOHN smooth" 2 "DELP smooth, backcast" 70 "DELP smooth, forecast") size(small) row(1)) ///
> subtitle("Without extremes", size(small)) yscale(titlegap(2))
{res}{txt}
{com}. 
. 
. qui graph export "graph 2 b C19 daily deaths, $country, DELP, Updates together Without extremes.pdf", replace
{txt}
{com}. 
. 
. 
. 
. 
. 
. 
. ***********************************************
. 
. * graph 2 c Daily deaths, Updates together, With extremes, Forecast only
. 
. twoway /// 
> (line DayDeaMeSmA00 date, sort lcolor(cyan) lwidth(thick)) /// 1 "JOHN smooth"
> (line DayDeaFOREA0120200417 date, sort lcolor(red) lwidth(medium)) /// 
> (line DayDeaFOREA0120200424 date, sort lcolor(red) lwidth(medium)) /// 
> (line DayDeaFOREA0120200501 date, sort lcolor(red) lwidth(medium)) /// 
> (line DayDeaFOREA0120200509 date, sort lcolor(red) lwidth(medium)) /// 
> (line DayDeaFOREA0120200517 date, sort lcolor(red) lwidth(medium)) /// 
> (line DayDeaFOREA0120200524 date, sort lcolor(red) lwidth(medium)) /// 
> (line DayDeaFOREA0120200531 date, sort lcolor(red) lwidth(medium)) /// 
> (line DayDeaFOREA0120200607 date, sort lcolor(red) lwidth(medium)) /// 
> (line DayDeaFOREA0120200614 date, sort lcolor(red) lwidth(medium)) /// 
> (line DayDeaFOREA0120200621 date, sort lcolor(red) lwidth(medium)) /// 
> (line DayDeaFOREA0120200628 date, sort lcolor(red) lwidth(medium)) /// 
> (line DayDeaFOREA0120200704 date, sort lcolor(red) lwidth(medium)) /// 
> (line DayDeaFOREA0120200718 date, sort lcolor(red) lwidth(medium)) /// 
> (line DayDeaFOREA0120200723 date, sort lcolor(red) lwidth(medium)) /// 
> (line DayDeaFOREA0120200801 date, sort lcolor(red) lwidth(medium)) /// 
> (line DayDeaFOREA0120200815 date, sort lcolor(red) lwidth(medium)) /// 
> (line DayDeaFOREA0120200829 date, sort lcolor(red) lwidth(medium)) /// 
> (line DayDeaFOREA0120200912 date, sort lcolor(red) lwidth(medium)) /// 
> (line DayDeaFOREA0120200926 date, sort lcolor(red) lwidth(medium)) /// 
> (line DayDeaFOREA0120201008 date, sort lcolor(red) lwidth(medium)) /// 
> (line DayDeaFOREA0120201022 date, sort lcolor(red) lwidth(medium)) /// 
> (line DayDeaFOREA0120201105 date, sort lcolor(red) lwidth(medium)) /// 
> (line DayDeaFOREA0120201119 date, sort lcolor(red) lwidth(medium)) /// 
> (line DayDeaFOREA0120201119 date, sort lcolor(red) lwidth(medium)) /// 
> (line DayDeaFOREA0120201203 date, sort lcolor(red) lwidth(medium)) /// 
> (line DayDeaFOREA0120201217 date, sort lcolor(red) lwidth(medium)) /// 
> (line DayDeaFOREA0120201231 date, sort lcolor(red) lwidth(medium)) /// 
> (line DayDeaFOREA0120210114 date, sort lcolor(red) lwidth(medium)) /// 
> (line DayDeaFOREA0120210128 date, sort lcolor(red) lwidth(medium)) /// 
> (line DayDeaFOREA0120210211 date, sort lcolor(red) lwidth(medium)) /// 
> (line DayDeaFOREA0120210225 date, sort lcolor(red) lwidth(medium)) /// 
> (line DayDeaFOREA0120210311 date, sort lcolor(red) lwidth(medium)) /// 
> (line DayDeaFOREA0120210325 date, sort lcolor(red) lwidth(medium)) /// 
> (line DayDeaFOREA0120210408 date, sort lcolor(red) lwidth(medium)) /// 
> (line DayDeaFOREA0120210422 date, sort lcolor(red) lwidth(medium)) /// 
> (line DayDeaFOREA0120210506 date, sort lcolor(red) lwidth(medium)) /// 
> (line DayDeaFOREA0120210520 date, sort lcolor(red) lwidth(medium)) /// 
> (line DayDeaFOREA0120210603 date, sort lcolor(red) lwidth(medium)) /// 
> (line DayDeaFOREA0120210610 date, sort lcolor(red) lwidth(medium)) /// 
> (line DayDeaFOREA0120210617 date, sort lcolor(red) lwidth(medium)) /// 
> (line DayDeaFOREA0120210624 date, sort lcolor(red) lwidth(medium)) /// 
> (line DayDeaFOREA0120210701 date, sort lcolor(red) lwidth(medium)) /// 
> (line DayDeaFOREA0120210708 date, sort lcolor(red) lwidth(medium)) /// 
> (line DayDeaFOREA0120210715 date, sort lcolor(red) lwidth(medium)) /// 
> (line DayDeaFOREA0120210722 date, sort lcolor(red) lwidth(medium)) /// 
> (line DayDeaFOREA0120210729 date, sort lcolor(red) lwidth(medium)) /// 
> (line DayDeaFOREA0120210805 date, sort lcolor(red) lwidth(medium)) /// 
> (line DayDeaFOREA0120210812 date, sort lcolor(red) lwidth(medium)) /// 
> (line DayDeaFOREA0120210819 date, sort lcolor(red) lwidth(medium)) /// 
> (line DayDeaFOREA0120210826 date, sort lcolor(red) lwidth(medium)) /// 
> (line DayDeaFOREA0120210902 date, sort lcolor(red) lwidth(medium)) /// 
> (line DayDeaFOREA0120210909 date, sort lcolor(red) lwidth(medium)) /// 
> (line DayDeaFOREA0120210916 date, sort lcolor(red) lwidth(medium)) /// 
> (line DayDeaFOREA0120210923 date, sort lcolor(red) lwidth(medium)) /// 
> (line DayDeaFOREA0120210930 date, sort lcolor(red) lwidth(medium)) /// 
> (line DayDeaFOREA0120211007 date, sort lcolor(red) lwidth(medium)) /// 
> (line DayDeaFOREA0120211014 date, sort lcolor(red) lwidth(medium)) /// 
> (line DayDeaFOREA0120211021 date, sort lcolor(red) lwidth(medium)) /// 
> (line DayDeaFOREA0120211028 date, sort lcolor(red) lwidth(medium)) /// 
> (line DayDeaFOREA0120211104 date, sort lcolor(red) lwidth(medium)) /// 
> (line DayDeaFOREA0120211111 date, sort lcolor(red) lwidth(medium)) /// 
> (line DayDeaFOREA0120211118 date, sort lcolor(red) lwidth(medium)) /// 
> (line DayDeaFOREA0120211125 date, sort lcolor(red) lwidth(medium)) /// 
> (line DayDeaFOREA0120211202 date, sort lcolor(red) lwidth(medium)) /// 
> (line DayDeaFOREA0120211209 date, sort lcolor(red) lwidth(medium)) /// 
> (line DayDeaFOREA0120211216 date, sort lcolor(red) lwidth(medium)) /// 
> (line DayDeaFOREA0120211223 date, sort lcolor(red) lwidth(medium)) /// 
> (line DayDeaFOREA0120211230 date, sort lcolor(red) lwidth(medium)) /// 
> if date >= td(01jan2020) & date <= td(01jan2022) & provincestate == " National" ///
> , xtitle(Date) xlabel(#24, format(%tdYY-NN-DD) labsize(small)) xlabel(, grid) xlabel(, grid) ///
> xlabel(, angle(forty_five)) ylabel(, format(%15.0fc) labsize(small))  ylabel(, labsize(small) angle(horizontal)) ///
> ytitle(Daily deaths) title("C19 daily deaths, $country, DELP, all updates", size(medium) color(black)) /// 
> xscale(lwidth(vthin) lcolor(gray*.2)) yscale(lwidth(vthin) lcolor(gray*.2)) legend(region(lcolor(none))) legend(bexpand) ///
> legend(order(1 "JOHN smooth" 2 "DELP smooth, forecast") size(small) row(1)) ///
> subtitle("Forecast only, with extremes", size(small)) yscale(titlegap(2))
{res}{txt}
{com}. 
. 
. qui graph export "graph 2 c C19 daily deaths, $country, DELP, Updates together With extremes, Forecast only.pdf", replace
{txt}
{com}. 
. 
. 
. 
. 
. 
. 
. ***********************************************
. 
. * graph 2 d Daily deaths, Updates together, Without extremes, Forecast only
. 
. * extremes (much higher than other updates) = update 20210128 20210211 20210225 
. 
. twoway ///
> (line DayDeaMeSmA00 date, sort lcolor(cyan) lwidth(thick)) /// 1 "JOHN smooth"
> (line DayDeaFOREA0120200417 date, sort lcolor(red) lwidth(medium)) /// 
> (line DayDeaFOREA0120200424 date, sort lcolor(red) lwidth(medium)) /// 
> (line DayDeaFOREA0120200501 date, sort lcolor(red) lwidth(medium)) /// 
> (line DayDeaFOREA0120200509 date, sort lcolor(red) lwidth(medium)) /// 
> (line DayDeaFOREA0120200517 date, sort lcolor(red) lwidth(medium)) /// 
> (line DayDeaFOREA0120200524 date, sort lcolor(red) lwidth(medium)) /// 
> (line DayDeaFOREA0120200531 date, sort lcolor(red) lwidth(medium)) /// 
> (line DayDeaFOREA0120200607 date, sort lcolor(red) lwidth(medium)) /// 
> (line DayDeaFOREA0120200614 date, sort lcolor(red) lwidth(medium)) /// 
> (line DayDeaFOREA0120200621 date, sort lcolor(red) lwidth(medium)) /// 
> (line DayDeaFOREA0120200628 date, sort lcolor(red) lwidth(medium)) /// 
> (line DayDeaFOREA0120200704 date, sort lcolor(red) lwidth(medium)) /// 
> (line DayDeaFOREA0120200718 date, sort lcolor(red) lwidth(medium)) /// 
> (line DayDeaFOREA0120200723 date, sort lcolor(red) lwidth(medium)) /// 
> (line DayDeaFOREA0120200801 date, sort lcolor(red) lwidth(medium)) /// 
> (line DayDeaFOREA0120200815 date, sort lcolor(red) lwidth(medium)) /// 
> (line DayDeaFOREA0120200829 date, sort lcolor(red) lwidth(medium)) /// 
> (line DayDeaFOREA0120200912 date, sort lcolor(red) lwidth(medium)) /// 
> (line DayDeaFOREA0120200926 date, sort lcolor(red) lwidth(medium)) /// 
> (line DayDeaFOREA0120201008 date, sort lcolor(red) lwidth(medium)) /// 
> (line DayDeaFOREA0120201022 date, sort lcolor(red) lwidth(medium)) /// 
> (line DayDeaFOREA0120201105 date, sort lcolor(red) lwidth(medium)) /// 
> (line DayDeaFOREA0120201119 date, sort lcolor(red) lwidth(medium)) /// 
> (line DayDeaFOREA0120201119 date, sort lcolor(red) lwidth(medium)) /// 
> (line DayDeaFOREA0120201203 date, sort lcolor(red) lwidth(medium)) /// 
> (line DayDeaFOREA0120201217 date, sort lcolor(red) lwidth(medium)) /// 
> (line DayDeaFOREA0120201231 date, sort lcolor(red) lwidth(medium)) /// 
> (line DayDeaFOREA0120210114 date, sort lcolor(red) lwidth(medium)) /// 
> (line DayDeaFOREA0120210311 date, sort lcolor(red) lwidth(medium)) /// 
> (line DayDeaFOREA0120210325 date, sort lcolor(red) lwidth(medium)) /// 
> (line DayDeaFOREA0120210408 date, sort lcolor(red) lwidth(medium)) /// 
> (line DayDeaFOREA0120210422 date, sort lcolor(red) lwidth(medium)) /// 
> (line DayDeaFOREA0120210506 date, sort lcolor(red) lwidth(medium)) /// 
> (line DayDeaFOREA0120210520 date, sort lcolor(red) lwidth(medium)) /// 
> (line DayDeaFOREA0120210603 date, sort lcolor(red) lwidth(medium)) /// 
> (line DayDeaFOREA0120210610 date, sort lcolor(red) lwidth(medium)) /// 
> (line DayDeaFOREA0120210617 date, sort lcolor(red) lwidth(medium)) /// 
> (line DayDeaFOREA0120210624 date, sort lcolor(red) lwidth(medium)) /// 
> (line DayDeaFOREA0120210701 date, sort lcolor(red) lwidth(medium)) /// 
> (line DayDeaFOREA0120210708 date, sort lcolor(red) lwidth(medium)) /// 
> (line DayDeaFOREA0120210715 date, sort lcolor(red) lwidth(medium)) /// 
> (line DayDeaFOREA0120210722 date, sort lcolor(red) lwidth(medium)) /// 
> (line DayDeaFOREA0120210729 date, sort lcolor(red) lwidth(medium)) /// 
> (line DayDeaFOREA0120210805 date, sort lcolor(red) lwidth(medium)) /// 
> (line DayDeaFOREA0120210812 date, sort lcolor(red) lwidth(medium)) /// 
> (line DayDeaFOREA0120210819 date, sort lcolor(red) lwidth(medium)) /// 
> (line DayDeaFOREA0120210826 date, sort lcolor(red) lwidth(medium)) /// 
> (line DayDeaFOREA0120210902 date, sort lcolor(red) lwidth(medium)) /// 
> (line DayDeaFOREA0120210909 date, sort lcolor(red) lwidth(medium)) /// 
> (line DayDeaFOREA0120210916 date, sort lcolor(red) lwidth(medium)) /// 
> (line DayDeaFOREA0120210923 date, sort lcolor(red) lwidth(medium)) /// 
> (line DayDeaFOREA0120210930 date, sort lcolor(red) lwidth(medium)) /// 
> (line DayDeaFOREA0120211007 date, sort lcolor(red) lwidth(medium)) /// 
> (line DayDeaFOREA0120211014 date, sort lcolor(red) lwidth(medium)) /// 
> (line DayDeaFOREA0120211021 date, sort lcolor(red) lwidth(medium)) /// 
> (line DayDeaFOREA0120211028 date, sort lcolor(red) lwidth(medium)) /// 
> (line DayDeaFOREA0120211104 date, sort lcolor(red) lwidth(medium)) /// 
> (line DayDeaFOREA0120211111 date, sort lcolor(red) lwidth(medium)) /// 
> (line DayDeaFOREA0120211118 date, sort lcolor(red) lwidth(medium)) /// 
> (line DayDeaFOREA0120211125 date, sort lcolor(red) lwidth(medium)) /// 
> (line DayDeaFOREA0120211202 date, sort lcolor(red) lwidth(medium)) /// 
> (line DayDeaFOREA0120211209 date, sort lcolor(red) lwidth(medium)) /// 
> (line DayDeaFOREA0120211216 date, sort lcolor(red) lwidth(medium)) /// 
> (line DayDeaFOREA0120211223 date, sort lcolor(red) lwidth(medium)) /// 
> (line DayDeaFOREA0120211230 date, sort lcolor(red) lwidth(medium)) /// 
> if date >= td(01jan2020) & date <= td(01jan2022) & provincestate == " National" ///
> , xtitle(Date) xlabel(#24, format(%tdYY-NN-DD) labsize(small)) xlabel(, grid) xlabel(, grid) ///
> xlabel(, angle(forty_five)) ylabel(, format(%15.0fc) labsize(small))  ylabel(, labsize(small) angle(horizontal)) ///
> ytitle(Daily deaths) title("C19 daily deaths, $country, DELP, all updates", size(medium) color(black)) /// 
> xscale(lwidth(vthin) lcolor(gray*.2)) yscale(lwidth(vthin) lcolor(gray*.2)) legend(region(lcolor(none))) legend(bexpand) ///
> legend(order(1 "JOHN smooth" 2 "DELP smooth, forecast") size(small) row(1)) ///
> subtitle("Forecast only, without extremes", size(small)) yscale(titlegap(2))
{res}{txt}
{com}. 
. 
. qui graph export "graph 2 d C19 daily deaths, $country, DELP, Updates together Without extremes, Forecast only.pdf", replace
{txt}
{com}. 
. 
. 
. 
. 
. 
. 
. 
. view "log CovidLongitudinal DELP 4.smcl"
{txt}
{com}. 
. log close
      {txt}name:  {res}<unnamed>
       {txt}log:  {res}/Users/farshadpourmalek/Downloads/CovidLongitudinal-main/Iran/code/DELP/log CovidLongitudinal DELP 4.smcl
  {txt}log type:  {res}smcl
 {txt}closed on:  {res}16 May 2022, 12:01:08
{txt}{.-}
{smcl}
{txt}{sf}{ul off}